============================= test session starts ==============================
platform darwin -- Python 3.11.9, pytest-8.3.2, pluggy-1.6.0
rootdir: /Users/avirammizrahi/Desktop/cet
plugins: anyio-4.12.1, asyncio-0.23.8
asyncio: mode=Mode.STRICT
collected 0 items / 2 errors

==================================== ERRORS ====================================
____________ ERROR collecting tests/unit/test_content_generator.py _____________
ImportError while importing test module '/Users/avirammizrahi/Desktop/cet/tests/unit/test_content_generator.py'.
Hint: make sure your test modules/packages have valid Python names.
Traceback:
../../.pyenv/versions/3.11.9/lib/python3.11/importlib/__init__.py:126: in import_module
    return _bootstrap._gcd_import(name[level:], package, level)
tests/unit/test_content_generator.py:4: in <module>
    from backend.services.content_generator import ContentGenerator
backend/services/__init__.py:2: in <module>
    from .prompt_manager import PromptManager
backend/services/prompt_manager.py:9: in <module>
    from models.config_models import PromptConfig
E   ModuleNotFoundError: No module named 'models'
______________ ERROR collecting tests/unit/test_prompt_manager.py ______________
ImportError while importing test module '/Users/avirammizrahi/Desktop/cet/tests/unit/test_prompt_manager.py'.
Hint: make sure your test modules/packages have valid Python names.
Traceback:
../../.pyenv/versions/3.11.9/lib/python3.11/importlib/__init__.py:126: in import_module
    return _bootstrap._gcd_import(name[level:], package, level)
tests/unit/test_prompt_manager.py:5: in <module>
    from backend.services.prompt_manager import PromptManager, FileSystemConfigSource
backend/services/__init__.py:2: in <module>
    from .prompt_manager import PromptManager
backend/services/prompt_manager.py:9: in <module>
    from models.config_models import PromptConfig
E   ModuleNotFoundError: No module named 'models'
=========================== short test summary info ============================
ERROR tests/unit/test_content_generator.py
ERROR tests/unit/test_prompt_manager.py
!!!!!!!!!!!!!!!!!!! Interrupted: 2 errors during collection !!!!!!!!!!!!!!!!!!!!
============================== 2 errors in 0.12s ===============================
